{
  "prediction": 133.58
}